=== SYSTEM SNAPSHOT FOR dev ===
Timestamp: Tue Feb 24 00:35:46 UTC 2026
Hostname: ubuntu-s-2vcpu-4gb-120gb-intel-sfo2-01
Uptime:  00:35:46 up 35 days, 21:48,  3 users,  load average: 1.35, 0.52, 0.42

=== DISK USAGE ===
Filesystem      Size  Used Avail Use% Mounted on
tmpfs           392M  1.4M  391M   1% /run
/dev/vda1       116G   36G   81G  31% /
tmpfs           2.0G  2.0M  2.0G   1% /dev/shm
tmpfs           5.0M     0  5.0M   0% /run/lock
/dev/vda16      881M  113M  707M  14% /boot
/dev/vda15      105M  6.2M   99M   6% /boot/efi
tmpfs           392M  132K  392M   1% /run/user/1000
tmpfs           392M  108K  392M   1% /run/user/111

=== MEMORY USAGE ===
               total        used        free      shared  buff/cache   available
Mem:           3.8Gi       2.4Gi       432Mi        40Mi       1.2Gi       1.4Gi
Swap:          4.0Gi       1.5Gi       2.5Gi

=== PROCESS STATUS ===
Python processes:
rodrigo      986  0.0  0.0 107232  1152 ?        Ssl  Jan19   0:00 /usr/bin/python3 /opt/google/chrome-remote-desktop/chrome-remote-desktop --child-process --config=/home/rodrigo/.config/chrome-remote-desktop/host#2ab881543616df67ba36dbfd8e1dec91.json --start
root         999  0.0  0.0 110012  1152 ?        Ssl  Jan19   0:00 /usr/bin/python3 /usr/share/unattended-upgrades/unattended-upgrade-shutdown --wait-for-signal
rodrigo     1812  0.0  0.0  55652  2944 ?        S    Jan19   0:09 /usr/bin/python3 /usr/share/system-config-printer/applet.py
rodrigo  2450444  0.4  9.9 1817880 399932 ?      Ssl  Feb23   0:14 python -u orchestrator.py
rodrigo  2450611  0.3  8.5 2812216 344592 ?      Sl   Feb23   0:13 /home/rodrigo/real_options/venv/bin/python3 /home/rodrigo/real_options/venv/bin/streamlit run dashboard.py --server.address 0.0.0.0 --server.port 8501

Streamlit processes:
rodrigo  2450611  0.3  8.5 2812216 344592 ?      Sl   Feb23   0:13 /home/rodrigo/real_options/venv/bin/python3 /home/rodrigo/real_options/venv/bin/streamlit run dashboard.py --server.address 0.0.0.0 --server.port 8501
