=== SYSTEM SNAPSHOT FOR dev ===
Timestamp: Thu Mar 19 19:30:03 UTC 2026
Hostname: ubuntu-s-2vcpu-4gb-120gb-intel-sfo2-01
Uptime:  19:30:03 up 59 days, 16:42,  3 users,  load average: 0.09, 0.10, 0.18

=== DISK USAGE ===
Filesystem      Size  Used Avail Use% Mounted on
tmpfs           392M  1.5M  391M   1% /run
/dev/vda1       116G   36G   80G  32% /
tmpfs           2.0G  2.0M  2.0G   1% /dev/shm
tmpfs           5.0M     0  5.0M   0% /run/lock
/dev/vda16      881M  113M  707M  14% /boot
/dev/vda15      105M  6.2M   99M   6% /boot/efi
tmpfs           392M  132K  392M   1% /run/user/1000
tmpfs           392M  108K  392M   1% /run/user/111

=== MEMORY USAGE ===
               total        used        free      shared  buff/cache   available
Mem:           3.8Gi       3.0Gi       122Mi        40Mi       858Mi       804Mi
Swap:          4.0Gi       2.2Gi       1.8Gi

=== PROCESS STATUS ===
Python processes:
rodrigo      986  0.0  0.0 107232   896 ?        Ssl  Jan19   0:00 /usr/bin/python3 /opt/google/chrome-remote-desktop/chrome-remote-desktop --child-process --config=/home/rodrigo/.config/chrome-remote-desktop/host#2ab881543616df67ba36dbfd8e1dec91.json --start
root         999  0.0  0.0 110012  1152 ?        Ssl  Jan19   0:00 /usr/bin/python3 /usr/share/unattended-upgrades/unattended-upgrade-shutdown --wait-for-signal
rodrigo     1812  0.0  0.0  55652  2688 ?        S    Jan19   0:29 /usr/bin/python3 /usr/share/system-config-printer/applet.py
rodrigo  4030885  0.7 10.8 2003780 435176 ?      Ssl  18:26   0:29 python -u orchestrator.py
rodrigo  4030934  0.6 10.7 2918776 430156 ?      Sl   18:26   0:23 /home/rodrigo/real_options/venv/bin/python3 /home/rodrigo/real_options/venv/bin/streamlit run dashboard.py --server.address 0.0.0.0 --server.port 8501
rodrigo  4030936  0.1  3.2 750040 132288 ?       Sl   18:26   0:04 /home/rodrigo/real_options/venv/bin/python position_monitor.py

Streamlit processes:
rodrigo  4030934  0.6 10.7 2918776 430156 ?      Sl   18:26   0:23 /home/rodrigo/real_options/venv/bin/python3 /home/rodrigo/real_options/venv/bin/streamlit run dashboard.py --server.address 0.0.0.0 --server.port 8501
