=== SYSTEM SNAPSHOT FOR dev ===
Timestamp: Tue Feb 17 20:00:03 UTC 2026
Hostname: ubuntu-s-2vcpu-4gb-120gb-intel-sfo2-01
Uptime:  20:00:03 up 29 days, 17:12,  3 users,  load average: 2.08, 1.47, 1.20

=== DISK USAGE ===
Filesystem      Size  Used Avail Use% Mounted on
tmpfs           392M  1.4M  391M   1% /run
/dev/vda1       116G   35G   81G  31% /
tmpfs           2.0G  2.0M  2.0G   1% /dev/shm
tmpfs           5.0M     0  5.0M   0% /run/lock
/dev/vda16      881M  113M  707M  14% /boot
/dev/vda15      105M  6.2M   99M   6% /boot/efi
tmpfs           392M  140K  392M   1% /run/user/1000
tmpfs           392M  108K  392M   1% /run/user/111

=== MEMORY USAGE ===
               total        used        free      shared  buff/cache   available
Mem:           3.8Gi       2.3Gi       539Mi        38Mi       1.3Gi       1.5Gi
Swap:          4.0Gi       1.8Gi       2.2Gi

=== PROCESS STATUS ===
Python processes:
rodrigo      986  0.0  0.0 107232  1152 ?        Ssl  Jan19   0:00 /usr/bin/python3 /opt/google/chrome-remote-desktop/chrome-remote-desktop --child-process --config=/home/rodrigo/.config/chrome-remote-desktop/host#2ab881543616df67ba36dbfd8e1dec91.json --start
root         999  0.0  0.0 110012  1152 ?        Ssl  Jan19   0:00 /usr/bin/python3 /usr/share/unattended-upgrades/unattended-upgrade-shutdown --wait-for-signal
rodrigo     1812  0.0  0.0  55652  2816 ?        S    Jan19   0:07 /usr/bin/python3 /usr/share/system-config-printer/applet.py
rodrigo  1941122  1.3  8.9 1365240 360320 ?      Ssl  19:48   0:08 python -u orchestrator.py --commodity KC
rodrigo  1941145  0.4  1.9 308368 76576 ?        Sl   19:48   0:03 /home/rodrigo/real_options/venv/bin/python3 /home/rodrigo/real_options/venv/bin/streamlit run dashboard.py --server.address 0.0.0.0
rodrigo  1942001  3.7  6.6 754772 264860 ?       Sl   19:57   0:04 /home/rodrigo/real_options-claude/venv/bin/python position_monitor.py

Streamlit processes:
rodrigo  1941145  0.4  1.9 308368 76576 ?        Sl   19:48   0:03 /home/rodrigo/real_options/venv/bin/python3 /home/rodrigo/real_options/venv/bin/streamlit run dashboard.py --server.address 0.0.0.0
