=== SYSTEM SNAPSHOT FOR dev ===
Timestamp: Mon Feb  9 23:30:02 UTC 2026
Hostname: ubuntu-s-2vcpu-4gb-120gb-intel-sfo2-01
Uptime:  23:30:02 up 21 days, 20:42,  3 users,  load average: 0.58, 0.67, 0.85

=== DISK USAGE ===
Filesystem      Size  Used Avail Use% Mounted on
tmpfs           392M  1.4M  391M   1% /run
/dev/vda1       116G   34G   82G  30% /
tmpfs           2.0G  2.0M  2.0G   1% /dev/shm
tmpfs           5.0M     0  5.0M   0% /run/lock
/dev/vda16      881M  113M  707M  14% /boot
/dev/vda15      105M  6.2M   99M   6% /boot/efi
tmpfs           392M  140K  392M   1% /run/user/1000
tmpfs           392M  108K  392M   1% /run/user/111

=== MEMORY USAGE ===
               total        used        free      shared  buff/cache   available
Mem:           3.8Gi       2.6Gi       486Mi        37Mi       1.0Gi       1.2Gi
Swap:          4.0Gi       2.0Gi       2.0Gi

=== PROCESS STATUS ===
Python processes:
rodrigo      986  0.0  0.0 107232   896 ?        Ssl  Jan19   0:00 /usr/bin/python3 /opt/google/chrome-remote-desktop/chrome-remote-desktop --child-process --config=/home/rodrigo/.config/chrome-remote-desktop/host#2ab881543616df67ba36dbfd8e1dec91.json --start
root         999  0.0  0.0 110012  1152 ?        Ssl  Jan19   0:00 /usr/bin/python3 /usr/share/unattended-upgrades/unattended-upgrade-shutdown --wait-for-signal
rodrigo     1812  0.0  0.0  55652  2688 ?        S    Jan19   0:03 /usr/bin/python3 /usr/share/system-config-printer/applet.py
rodrigo  1152743  0.1  5.1 1460720 205200 ?      Ssl  22:05   0:08 python -u orchestrator.py
rodrigo  1152761  0.0  1.8 307124 74084 ?        Sl   22:05   0:03 /home/rodrigo/real_options/venv/bin/python3 /home/rodrigo/real_options/venv/bin/streamlit run dashboard.py --server.address 0.0.0.0
rodrigo  1157072  0.3  6.6 754812 265584 ?       Sl   23:03   0:04 /home/rodrigo/real_options-claude/venv/bin/python position_monitor.py
rodrigo  1157298  0.3  6.6 754680 265584 ?       Sl   23:06   0:04 /home/rodrigo/real_options-claude/venv/bin/python position_monitor.py

Streamlit processes:
rodrigo  1152761  0.0  1.8 307124 74084 ?        Sl   22:05   0:03 /home/rodrigo/real_options/venv/bin/python3 /home/rodrigo/real_options/venv/bin/streamlit run dashboard.py --server.address 0.0.0.0
