=== SYSTEM SNAPSHOT FOR dev ===
Timestamp: Mon Mar 16 15:00:04 UTC 2026
Hostname: ubuntu-s-2vcpu-4gb-120gb-intel-sfo2-01
Uptime:  15:00:04 up 56 days, 12:12,  3 users,  load average: 0.08, 0.02, 0.01

=== DISK USAGE ===
Filesystem      Size  Used Avail Use% Mounted on
tmpfs           392M  1.4M  391M   1% /run
/dev/vda1       116G   37G   79G  32% /
tmpfs           2.0G  2.0M  2.0G   1% /dev/shm
tmpfs           5.0M     0  5.0M   0% /run/lock
/dev/vda16      881M  113M  707M  14% /boot
/dev/vda15      105M  6.2M   99M   6% /boot/efi
tmpfs           392M  132K  392M   1% /run/user/1000
tmpfs           392M  108K  392M   1% /run/user/111

=== MEMORY USAGE ===
               total        used        free      shared  buff/cache   available
Mem:           3.8Gi       2.4Gi       146Mi        32Mi       1.6Gi       1.4Gi
Swap:          4.0Gi       1.1Gi       2.9Gi

=== PROCESS STATUS ===
Python processes:
rodrigo      986  0.0  0.0 107232  1024 ?        Ssl  Jan19   0:00 /usr/bin/python3 /opt/google/chrome-remote-desktop/chrome-remote-desktop --child-process --config=/home/rodrigo/.config/chrome-remote-desktop/host#2ab881543616df67ba36dbfd8e1dec91.json --start
root         999  0.0  0.0 110012  1152 ?        Ssl  Jan19   0:00 /usr/bin/python3 /usr/share/unattended-upgrades/unattended-upgrade-shutdown --wait-for-signal
rodrigo     1812  0.0  0.0  55652  2816 ?        S    Jan19   0:28 /usr/bin/python3 /usr/share/system-config-printer/applet.py
rodrigo  3792326  0.4 13.1 2016992 528908 ?      Ssl  04:10   3:10 python -u orchestrator.py
rodrigo  3792348  0.0  9.4 2750964 380336 ?      Sl   04:10   0:19 /home/rodrigo/real_options/venv/bin/python3 /home/rodrigo/real_options/venv/bin/streamlit run dashboard.py --server.address 0.0.0.0 --server.port 8501
rodrigo  3797538  0.0  7.3 1362848 296272 ?      Sl   08:15   0:09 /home/rodrigo/real_options/venv/bin/python position_monitor.py

Streamlit processes:
rodrigo  3792348  0.0  9.4 2750964 380336 ?      Sl   04:10   0:19 /home/rodrigo/real_options/venv/bin/python3 /home/rodrigo/real_options/venv/bin/streamlit run dashboard.py --server.address 0.0.0.0 --server.port 8501
