=== SYSTEM SNAPSHOT FOR dev ===
Timestamp: Thu Feb 26 21:30:03 UTC 2026
Hostname: ubuntu-s-2vcpu-4gb-120gb-intel-sfo2-01
Uptime:  21:30:03 up 38 days, 18:42,  3 users,  load average: 0.61, 0.42, 0.37

=== DISK USAGE ===
Filesystem      Size  Used Avail Use% Mounted on
tmpfs           392M  1.5M  391M   1% /run
/dev/vda1       116G   36G   80G  32% /
tmpfs           2.0G  2.0M  2.0G   1% /dev/shm
tmpfs           5.0M     0  5.0M   0% /run/lock
/dev/vda16      881M  113M  707M  14% /boot
/dev/vda15      105M  6.2M   99M   6% /boot/efi
tmpfs           392M  140K  392M   1% /run/user/1000
tmpfs           392M  108K  392M   1% /run/user/111

=== MEMORY USAGE ===
               total        used        free      shared  buff/cache   available
Mem:           3.8Gi       2.4Gi       111Mi        38Mi       1.5Gi       1.4Gi
Swap:          4.0Gi       1.8Gi       2.2Gi

=== PROCESS STATUS ===
Python processes:
rodrigo      986  0.0  0.0 107232   768 ?        Ssl  Jan19   0:00 /usr/bin/python3 /opt/google/chrome-remote-desktop/chrome-remote-desktop --child-process --config=/home/rodrigo/.config/chrome-remote-desktop/host#2ab881543616df67ba36dbfd8e1dec91.json --start
root         999  0.0  0.0 110012  1152 ?        Ssl  Jan19   0:00 /usr/bin/python3 /usr/share/unattended-upgrades/unattended-upgrade-shutdown --wait-for-signal
rodrigo     1812  0.0  0.0  55652  3072 ?        S    Jan19   0:11 /usr/bin/python3 /usr/share/system-config-printer/applet.py
rodrigo  2694510  0.5 10.4 1834512 419544 ?      Ssl  20:48   0:13 python -u orchestrator.py
rodrigo  2694563  0.3  6.4 2548428 260048 ?      Sl   20:49   0:07 /home/rodrigo/real_options/venv/bin/python3 /home/rodrigo/real_options/venv/bin/streamlit run dashboard.py --server.address 0.0.0.0 --server.port 8501
rodrigo  2696219 10.0  4.6 649932 185596 ?       Sl   21:29   0:01 /home/rodrigo/real_options/venv/bin/python3 reconcile_trades.py

Streamlit processes:
rodrigo  2694563  0.3  6.4 2548428 260048 ?      Sl   20:49   0:07 /home/rodrigo/real_options/venv/bin/python3 /home/rodrigo/real_options/venv/bin/streamlit run dashboard.py --server.address 0.0.0.0 --server.port 8501
