=== SYSTEM SNAPSHOT FOR dev ===
Timestamp: Tue Mar  3 17:00:04 UTC 2026
Hostname: ubuntu-s-2vcpu-4gb-120gb-intel-sfo2-01
Uptime:  17:00:04 up 43 days, 14:12,  3 users,  load average: 1.02, 0.87, 0.95

=== DISK USAGE ===
Filesystem      Size  Used Avail Use% Mounted on
tmpfs           392M  1.5M  391M   1% /run
/dev/vda1       116G   37G   80G  32% /
tmpfs           2.0G  2.0M  2.0G   1% /dev/shm
tmpfs           5.0M     0  5.0M   0% /run/lock
/dev/vda16      881M  113M  707M  14% /boot
/dev/vda15      105M  6.2M   99M   6% /boot/efi
tmpfs           392M  132K  392M   1% /run/user/1000
tmpfs           392M  108K  392M   1% /run/user/111

=== MEMORY USAGE ===
               total        used        free      shared  buff/cache   available
Mem:           3.8Gi       2.6Gi       174Mi        34Mi       1.3Gi       1.2Gi
Swap:          4.0Gi       2.0Gi       2.0Gi

=== PROCESS STATUS ===
Python processes:
rodrigo      986  0.0  0.0 107232  1024 ?        Ssl  Jan19   0:00 /usr/bin/python3 /opt/google/chrome-remote-desktop/chrome-remote-desktop --child-process --config=/home/rodrigo/.config/chrome-remote-desktop/host#2ab881543616df67ba36dbfd8e1dec91.json --start
root         999  0.0  0.0 110012  1152 ?        Ssl  Jan19   0:00 /usr/bin/python3 /usr/share/unattended-upgrades/unattended-upgrade-shutdown --wait-for-signal
rodrigo     1812  0.0  0.0  55652  2560 ?        S    Jan19   0:12 /usr/bin/python3 /usr/share/system-config-printer/applet.py
rodrigo  3000213  6.1 13.2 1995028 531832 ?      Ssl  16:33   1:39 python -u orchestrator.py
rodrigo  3000379  0.2  6.3 741352 252880 ?       Sl   16:33   0:04 /home/rodrigo/real_options/venv/bin/python position_monitor.py
rodrigo  3000409  0.3  1.9 307876 76192 ?        Sl   16:33   0:05 /home/rodrigo/real_options/venv/bin/python3 /home/rodrigo/real_options/venv/bin/streamlit run dashboard.py --server.address 0.0.0.0 --server.port 8501

Streamlit processes:
rodrigo  3000409  0.3  1.9 307876 76192 ?        Sl   16:33   0:05 /home/rodrigo/real_options/venv/bin/python3 /home/rodrigo/real_options/venv/bin/streamlit run dashboard.py --server.address 0.0.0.0 --server.port 8501
