=== SYSTEM SNAPSHOT FOR dev ===
Timestamp: Tue Feb 24 16:30:02 UTC 2026
Hostname: ubuntu-s-2vcpu-4gb-120gb-intel-sfo2-01
Uptime:  16:30:02 up 36 days, 13:42,  3 users,  load average: 0.15, 0.25, 0.57

=== DISK USAGE ===
Filesystem      Size  Used Avail Use% Mounted on
tmpfs           392M  1.4M  391M   1% /run
/dev/vda1       116G   36G   80G  31% /
tmpfs           2.0G  2.0M  2.0G   1% /dev/shm
tmpfs           5.0M     0  5.0M   0% /run/lock
/dev/vda16      881M  113M  707M  14% /boot
/dev/vda15      105M  6.2M   99M   6% /boot/efi
tmpfs           392M  136K  392M   1% /run/user/1000
tmpfs           392M  108K  392M   1% /run/user/111

=== MEMORY USAGE ===
               total        used        free      shared  buff/cache   available
Mem:           3.8Gi       2.3Gi       598Mi        43Mi       1.3Gi       1.5Gi
Swap:          4.0Gi       2.2Gi       1.8Gi

=== PROCESS STATUS ===
Python processes:
rodrigo      986  0.0  0.0 107232   896 ?        Ssl  Jan19   0:00 /usr/bin/python3 /opt/google/chrome-remote-desktop/chrome-remote-desktop --child-process --config=/home/rodrigo/.config/chrome-remote-desktop/host#2ab881543616df67ba36dbfd8e1dec91.json --start
root         999  0.0  0.0 110012  1152 ?        Ssl  Jan19   0:00 /usr/bin/python3 /usr/share/unattended-upgrades/unattended-upgrade-shutdown --wait-for-signal
rodrigo     1812  0.0  0.0  55652  2816 ?        S    Jan19   0:10 /usr/bin/python3 /usr/share/system-config-printer/applet.py
rodrigo  2471915  0.8 11.2 1982448 450540 ?      Ssl  04:04   6:28 python -u orchestrator.py
rodrigo  2471966  0.0  0.6 308484 24776 ?        Sl   04:04   0:16 /home/rodrigo/real_options/venv/bin/python3 /home/rodrigo/real_options/venv/bin/streamlit run dashboard.py --server.address 0.0.0.0 --server.port 8501
rodrigo  2477507  0.0  3.3 1344204 132472 ?      Sl   09:15   0:09 /home/rodrigo/real_options/venv/bin/python position_monitor.py

Streamlit processes:
rodrigo  2471966  0.0  0.6 308484 24776 ?        Sl   04:04   0:16 /home/rodrigo/real_options/venv/bin/python3 /home/rodrigo/real_options/venv/bin/streamlit run dashboard.py --server.address 0.0.0.0 --server.port 8501
