=== SYSTEM SNAPSHOT FOR dev ===
Timestamp: Mon Jan 19 18:00:03 UTC 2026
Hostname: ubuntu-s-2vcpu-4gb-120gb-intel-sfo2-01
Uptime:  18:00:03 up 15:12,  3 users,  load average: 0.77, 0.31, 0.22

=== DISK USAGE ===
Filesystem      Size  Used Avail Use% Mounted on
tmpfs           392M  1.4M  391M   1% /run
/dev/vda1       116G   26G   90G  23% /
tmpfs           2.0G  2.0M  2.0G   1% /dev/shm
tmpfs           5.0M     0  5.0M   0% /run/lock
/dev/vda16      881M  112M  708M  14% /boot
/dev/vda15      105M  6.2M   99M   6% /boot/efi
tmpfs           392M  132K  392M   1% /run/user/1000
tmpfs           392M  108K  392M   1% /run/user/111

=== MEMORY USAGE ===
               total        used        free      shared  buff/cache   available
Mem:           3.8Gi       2.6Gi       116Mi        53Mi       1.3Gi       1.2Gi
Swap:             0B          0B          0B

=== PROCESS STATUS ===
Python processes:
rodrigo      986  0.0  0.6 107232 24064 ?        Ssl  02:47   0:00 /usr/bin/python3 /opt/google/chrome-remote-desktop/chrome-remote-desktop --child-process --config=/home/rodrigo/.config/chrome-remote-desktop/host#2ab881543616df67ba36dbfd8e1dec91.json --start
root         999  0.0  0.5 110012 20736 ?        Ssl  02:47   0:00 /usr/bin/python3 /usr/share/unattended-upgrades/unattended-upgrade-shutdown --wait-for-signal
rodrigo     1812  0.0  0.7  55652 31488 ?        S    02:47   0:00 /usr/bin/python3 /usr/share/system-config-printer/applet.py
rodrigo    27509 72.7 20.2 2336532 811616 ?      Rsl  17:59   0:08 /home/rodrigo/real_options/venv/bin/python -u orchestrator.py
rodrigo    27512 22.1  1.8 307096 74996 ?        Ssl  17:59   0:02 /home/rodrigo/real_options/venv/bin/python3 /home/rodrigo/real_options/venv/bin/streamlit run dashboard.py --server.address 0.0.0.0 --server.port 8501
rodrigo    27515 22.3  4.4 645340 178448 ?       Sl   17:59   0:01 python /home/rodrigo/real_options/equity_logger.py --sync

Streamlit processes:
rodrigo    27512 22.0  1.8 307096 74996 ?        Ssl  17:59   0:02 /home/rodrigo/real_options/venv/bin/python3 /home/rodrigo/real_options/venv/bin/streamlit run dashboard.py --server.address 0.0.0.0 --server.port 8501
