=== SYSTEM SNAPSHOT FOR dev ===
Timestamp: Thu Feb 12 03:00:02 UTC 2026
Hostname: ubuntu-s-2vcpu-4gb-120gb-intel-sfo2-01
Uptime:  03:00:02 up 24 days, 12 min,  3 users,  load average: 0.10, 0.06, 0.01

=== DISK USAGE ===
Filesystem      Size  Used Avail Use% Mounted on
tmpfs           392M  1.4M  391M   1% /run
/dev/vda1       116G   35G   81G  30% /
tmpfs           2.0G  2.0M  2.0G   1% /dev/shm
tmpfs           5.0M     0  5.0M   0% /run/lock
/dev/vda16      881M  113M  707M  14% /boot
/dev/vda15      105M  6.2M   99M   6% /boot/efi
tmpfs           392M  132K  392M   1% /run/user/1000
tmpfs           392M  108K  392M   1% /run/user/111

=== MEMORY USAGE ===
               total        used        free      shared  buff/cache   available
Mem:           3.8Gi       2.8Gi       385Mi        37Mi       962Mi       1.0Gi
Swap:          4.0Gi       2.4Gi       1.6Gi

=== PROCESS STATUS ===
Python processes:
rodrigo      986  0.0  0.0 107232  1024 ?        Ssl  Jan19   0:00 /usr/bin/python3 /opt/google/chrome-remote-desktop/chrome-remote-desktop --child-process --config=/home/rodrigo/.config/chrome-remote-desktop/host#2ab881543616df67ba36dbfd8e1dec91.json --start
root         999  0.0  0.0 110012  1152 ?        Ssl  Jan19   0:00 /usr/bin/python3 /usr/share/unattended-upgrades/unattended-upgrade-shutdown --wait-for-signal
rodrigo     1812  0.0  0.0  55652  2560 ?        S    Jan19   0:04 /usr/bin/python3 /usr/share/system-config-printer/applet.py
rodrigo  1444134  0.1  6.0 1717024 241744 ?      Ssl  01:02   0:09 python -u orchestrator.py
rodrigo  1444183  0.0  1.8 307248 74220 ?        Sl   01:02   0:04 /home/rodrigo/real_options/venv/bin/python3 /home/rodrigo/real_options/venv/bin/streamlit run dashboard.py --server.address 0.0.0.0
rodrigo  1445502  0.0  6.6 754704 265964 ?       Sl   01:15   0:04 /home/rodrigo/real_options-claude/venv/bin/python position_monitor.py

Streamlit processes:
rodrigo  1444183  0.0  1.8 307248 74220 ?        Sl   01:02   0:04 /home/rodrigo/real_options/venv/bin/python3 /home/rodrigo/real_options/venv/bin/streamlit run dashboard.py --server.address 0.0.0.0
