=== SYSTEM SNAPSHOT FOR dev ===
Timestamp: Fri Mar 20 16:00:04 UTC 2026
Hostname: ubuntu-s-2vcpu-4gb-120gb-intel-sfo2-01
Uptime:  16:00:04 up 60 days, 13:12,  3 users,  load average: 0.40, 0.20, 0.07

=== DISK USAGE ===
Filesystem      Size  Used Avail Use% Mounted on
tmpfs           392M  1.5M  391M   1% /run
/dev/vda1       116G   36G   80G  32% /
tmpfs           2.0G  2.0M  2.0G   1% /dev/shm
tmpfs           5.0M     0  5.0M   0% /run/lock
/dev/vda16      881M  113M  707M  14% /boot
/dev/vda15      105M  6.2M   99M   6% /boot/efi
tmpfs           392M  132K  392M   1% /run/user/1000
tmpfs           392M  108K  392M   1% /run/user/111

=== MEMORY USAGE ===
               total        used        free      shared  buff/cache   available
Mem:           3.8Gi       3.1Gi       127Mi        42Mi       882Mi       692Mi
Swap:          4.0Gi       2.3Gi       1.7Gi

=== PROCESS STATUS ===
Python processes:
rodrigo      986  0.0  0.0 107232  1024 ?        Ssl  Jan19   0:00 /usr/bin/python3 /opt/google/chrome-remote-desktop/chrome-remote-desktop --child-process --config=/home/rodrigo/.config/chrome-remote-desktop/host#2ab881543616df67ba36dbfd8e1dec91.json --start
root         999  0.0  0.0 110012  1152 ?        Ssl  Jan19   0:00 /usr/bin/python3 /usr/share/unattended-upgrades/unattended-upgrade-shutdown --wait-for-signal
rodrigo     1812  0.0  0.0  55652  2688 ?        S    Jan19   0:29 /usr/bin/python3 /usr/share/system-config-printer/applet.py
rodrigo  4072887  0.4  9.7 1980488 390112 ?      Ssl  07:41   2:05 python -u orchestrator.py
rodrigo  4072925  0.0  5.5 2733060 222156 ?      Sl   07:41   0:28 /home/rodrigo/real_options/venv/bin/python3 /home/rodrigo/real_options/venv/bin/streamlit run dashboard.py --server.address 0.0.0.0 --server.port 8501
rodrigo  4074927  0.0  4.4 1362460 178096 ?      Sl   08:15   0:13 /home/rodrigo/real_options/venv/bin/python position_monitor.py

Streamlit processes:
rodrigo  4072925  0.0  5.5 2733060 222156 ?      Sl   07:41   0:28 /home/rodrigo/real_options/venv/bin/python3 /home/rodrigo/real_options/venv/bin/streamlit run dashboard.py --server.address 0.0.0.0 --server.port 8501
