=== SYSTEM SNAPSHOT FOR dev ===
Timestamp: Tue Feb 10 03:27:35 UTC 2026
Hostname: real-options-prod
Uptime:  03:27:35 up 29 days,  9:50,  2 users,  load average: 0.37, 0.60, 0.57

=== DISK USAGE ===
Filesystem      Size  Used Avail Use% Mounted on
tmpfs           392M  1.2M  391M   1% /run
/dev/vda1        48G   23G   25G  49% /
tmpfs           2.0G  9.8M  2.0G   1% /dev/shm
tmpfs           5.0M     0  5.0M   0% /run/lock
/dev/vda16      881M  117M  703M  15% /boot
/dev/vda15      105M  6.2M   99M   6% /boot/efi
tmpfs           392M   60K  392M   1% /run/user/1000

=== MEMORY USAGE ===
               total        used        free      shared  buff/cache   available
Mem:           3.8Gi       2.3Gi       335Mi        34Mi       1.5Gi       1.6Gi
Swap:          4.0Gi       438Mi       3.6Gi

=== PROCESS STATUS ===
Python processes:
console      772  0.0  0.0 112148  3328 ?        Ssl  Jan11   0:00 /usr/bin/python3 /opt/google/chrome-remote-desktop/chrome-remote-desktop --child-process --config=/home/console/.config/chrome-remote-desktop/host#32bbac768a5b357a18639742ab1c9f44.json --start
root         831  0.0  0.2 110012 10624 ?        Ssl  Jan11   0:00 /usr/bin/python3 /usr/share/unattended-upgrades/unattended-upgrade-shutdown --wait-for-signal
console   934111  0.7  7.1 2303796 286824 pts/0  Sl   02:33   0:24 /home/console/real_options/venv/bin/python3 /home/console/real_options/venv/bin/streamlit run /home/console/real_options/dashboard.py --server.address 0.0.0.0
console   935859  9.0  9.5 1832828 383668 ?      Ssl  03:19   0:42 /home/console/real_options/venv/bin/python -u orchestrator.py
console   935872  0.2  1.7 154924 70060 ?        Sl   03:19   0:01 /home/console/real_options/venv/bin/python3 /home/console/real_options/venv/bin/streamlit run dashboard.py --server.address 0.0.0.0

Streamlit processes:
console   934111  0.7  7.1 2303796 286824 pts/0  Sl   02:33   0:24 /home/console/real_options/venv/bin/python3 /home/console/real_options/venv/bin/streamlit run /home/console/real_options/dashboard.py --server.address 0.0.0.0
console   935872  0.2  1.7 154924 70060 ?        Sl   03:19   0:01 /home/console/real_options/venv/bin/python3 /home/console/real_options/venv/bin/streamlit run dashboard.py --server.address 0.0.0.0
