=== SYSTEM SNAPSHOT FOR dev ===
Timestamp: Fri Mar 20 21:30:03 UTC 2026
Hostname: ubuntu-s-2vcpu-4gb-120gb-intel-sfo2-01
Uptime:  21:30:03 up 60 days, 18:42,  3 users,  load average: 0.56, 0.54, 0.42

=== DISK USAGE ===
Filesystem      Size  Used Avail Use% Mounted on
tmpfs           392M  1.5M  391M   1% /run
/dev/vda1       116G   36G   80G  31% /
tmpfs           2.0G  2.0M  2.0G   1% /dev/shm
tmpfs           5.0M     0  5.0M   0% /run/lock
/dev/vda16      881M  113M  707M  14% /boot
/dev/vda15      105M  6.2M   99M   6% /boot/efi
tmpfs           392M  132K  392M   1% /run/user/1000
tmpfs           392M  108K  392M   1% /run/user/111

=== MEMORY USAGE ===
               total        used        free      shared  buff/cache   available
Mem:           3.8Gi       3.1Gi       132Mi        33Mi       860Mi       692Mi
Swap:          4.0Gi       3.0Gi       1.0Gi

=== PROCESS STATUS ===
Python processes:
rodrigo      986  0.0  0.0 107232  1024 ?        Ssl  Jan19   0:00 /usr/bin/python3 /opt/google/chrome-remote-desktop/chrome-remote-desktop --child-process --config=/home/rodrigo/.config/chrome-remote-desktop/host#2ab881543616df67ba36dbfd8e1dec91.json --start
root         999  0.0  0.0 110012  1152 ?        Ssl  Jan19   0:00 /usr/bin/python3 /usr/share/unattended-upgrades/unattended-upgrade-shutdown --wait-for-signal
rodrigo     1812  0.0  0.0  55652  2688 ?        S    Jan19   0:29 /usr/bin/python3 /usr/share/system-config-printer/applet.py
rodrigo  4098285  0.5  1.0 2007300 41380 ?       Ssl  17:06   1:23 python -u orchestrator.py
rodrigo  4098483  0.8  8.1 2946140 326276 ?      Sl   17:06   2:16 /home/rodrigo/real_options/venv/bin/python3 /home/rodrigo/real_options/venv/bin/streamlit run dashboard.py --server.address 0.0.0.0 --server.port 8501
rodrigo  4103227  0.0  0.4 750012 18224 ?        Sl   17:57   0:05 /home/rodrigo/real_options/venv/bin/python position_monitor.py

Streamlit processes:
rodrigo  4098483  0.8  8.1 2946140 326276 ?      Sl   17:06   2:16 /home/rodrigo/real_options/venv/bin/python3 /home/rodrigo/real_options/venv/bin/streamlit run dashboard.py --server.address 0.0.0.0 --server.port 8501
