=== SYSTEM SNAPSHOT FOR dev ===
Timestamp: Fri Feb 27 15:00:04 UTC 2026
Hostname: ubuntu-s-2vcpu-4gb-120gb-intel-sfo2-01
Uptime:  15:00:04 up 39 days, 12:12,  3 users,  load average: 0.09, 0.07, 0.02

=== DISK USAGE ===
Filesystem      Size  Used Avail Use% Mounted on
tmpfs           392M  1.4M  391M   1% /run
/dev/vda1       116G   37G   80G  32% /
tmpfs           2.0G  2.0M  2.0G   1% /dev/shm
tmpfs           5.0M     0  5.0M   0% /run/lock
/dev/vda16      881M  113M  707M  14% /boot
/dev/vda15      105M  6.2M   99M   6% /boot/efi
tmpfs           392M  132K  392M   1% /run/user/1000
tmpfs           392M  108K  392M   1% /run/user/111

=== MEMORY USAGE ===
               total        used        free      shared  buff/cache   available
Mem:           3.8Gi       2.7Gi       332Mi        39Mi       1.1Gi       1.1Gi
Swap:          4.0Gi       1.8Gi       2.2Gi

=== PROCESS STATUS ===
Python processes:
rodrigo      986  0.0  0.0 107232  1024 ?        Ssl  Jan19   0:00 /usr/bin/python3 /opt/google/chrome-remote-desktop/chrome-remote-desktop --child-process --config=/home/rodrigo/.config/chrome-remote-desktop/host#2ab881543616df67ba36dbfd8e1dec91.json --start
root         999  0.0  0.0 110012  1152 ?        Ssl  Jan19   0:00 /usr/bin/python3 /usr/share/unattended-upgrades/unattended-upgrade-shutdown --wait-for-signal
rodrigo     1812  0.0  0.0  55652  2688 ?        S    Jan19   0:11 /usr/bin/python3 /usr/share/system-config-printer/applet.py
rodrigo  2731668  0.7 12.6 1949996 505632 ?      Ssl  08:27   3:06 python -u orchestrator.py
rodrigo  2731696  0.1  8.5 2868016 343312 ?      Sl   08:27   0:29 /home/rodrigo/real_options/venv/bin/python3 /home/rodrigo/real_options/venv/bin/streamlit run dashboard.py --server.address 0.0.0.0 --server.port 8501
rodrigo  2734811  0.0  6.8 1348952 273128 ?      Sl   09:15   0:09 /home/rodrigo/real_options/venv/bin/python position_monitor.py

Streamlit processes:
rodrigo  2731696  0.1  8.5 2868016 343312 ?      Sl   08:27   0:29 /home/rodrigo/real_options/venv/bin/python3 /home/rodrigo/real_options/venv/bin/streamlit run dashboard.py --server.address 0.0.0.0 --server.port 8501
