=== SYSTEM SNAPSHOT FOR dev ===
Timestamp: Thu Mar 19 13:30:04 UTC 2026
Hostname: ubuntu-s-2vcpu-4gb-120gb-intel-sfo2-01
Uptime:  13:30:04 up 59 days, 10:42,  3 users,  load average: 0.00, 0.00, 0.00

=== DISK USAGE ===
Filesystem      Size  Used Avail Use% Mounted on
tmpfs           392M  1.5M  391M   1% /run
/dev/vda1       116G   36G   80G  32% /
tmpfs           2.0G  2.0M  2.0G   1% /dev/shm
tmpfs           5.0M     0  5.0M   0% /run/lock
/dev/vda16      881M  113M  707M  14% /boot
/dev/vda15      105M  6.2M   99M   6% /boot/efi
tmpfs           392M  132K  392M   1% /run/user/1000
tmpfs           392M  108K  392M   1% /run/user/111

=== MEMORY USAGE ===
               total        used        free      shared  buff/cache   available
Mem:           3.8Gi       3.0Gi       121Mi        44Mi       969Mi       794Mi
Swap:          4.0Gi       2.1Gi       1.9Gi

=== PROCESS STATUS ===
Python processes:
rodrigo      986  0.0  0.0 107232   896 ?        Ssl  Jan19   0:00 /usr/bin/python3 /opt/google/chrome-remote-desktop/chrome-remote-desktop --child-process --config=/home/rodrigo/.config/chrome-remote-desktop/host#2ab881543616df67ba36dbfd8e1dec91.json --start
root         999  0.0  0.0 110012  1152 ?        Ssl  Jan19   0:00 /usr/bin/python3 /usr/share/unattended-upgrades/unattended-upgrade-shutdown --wait-for-signal
rodrigo     1812  0.0  0.0  55652  2688 ?        S    Jan19   0:29 /usr/bin/python3 /usr/share/system-config-printer/applet.py
rodrigo  3983360  0.3 15.5 2061232 623720 ?      Ssl  00:23   2:22 python -u orchestrator.py
rodrigo  3983408  0.0  6.3 981820 253320 ?       Sl   00:23   0:16 /home/rodrigo/real_options/venv/bin/python3 /home/rodrigo/real_options/venv/bin/streamlit run dashboard.py --server.address 0.0.0.0 --server.port 8501
rodrigo  3999125  0.0  7.5 1361800 304336 ?      Sl   08:15   0:09 /home/rodrigo/real_options/venv/bin/python position_monitor.py

Streamlit processes:
rodrigo  3983408  0.0  6.3 981820 253320 ?       Sl   00:23   0:16 /home/rodrigo/real_options/venv/bin/python3 /home/rodrigo/real_options/venv/bin/streamlit run dashboard.py --server.address 0.0.0.0 --server.port 8501
