=== SYSTEM SNAPSHOT FOR dev ===
Timestamp: Thu Mar 12 16:00:05 UTC 2026
Hostname: ubuntu-s-2vcpu-4gb-120gb-intel-sfo2-01
Uptime:  16:00:05 up 52 days, 13:12,  3 users,  load average: 0.30, 0.13, 0.09

=== DISK USAGE ===
Filesystem      Size  Used Avail Use% Mounted on
tmpfs           392M  1.5M  391M   1% /run
/dev/vda1       116G   36G   80G  32% /
tmpfs           2.0G  2.0M  2.0G   1% /dev/shm
tmpfs           5.0M     0  5.0M   0% /run/lock
/dev/vda16      881M  113M  707M  14% /boot
/dev/vda15      105M  6.2M   99M   6% /boot/efi
tmpfs           392M  132K  392M   1% /run/user/1000
tmpfs           392M  108K  392M   1% /run/user/111

=== MEMORY USAGE ===
               total        used        free      shared  buff/cache   available
Mem:           3.8Gi       2.5Gi       201Mi        41Mi       1.4Gi       1.3Gi
Swap:          4.0Gi       1.8Gi       2.2Gi

=== PROCESS STATUS ===
Python processes:
rodrigo      986  0.0  0.0 107232   896 ?        Ssl  Jan19   0:00 /usr/bin/python3 /opt/google/chrome-remote-desktop/chrome-remote-desktop --child-process --config=/home/rodrigo/.config/chrome-remote-desktop/host#2ab881543616df67ba36dbfd8e1dec91.json --start
root         999  0.0  0.0 110012  1152 ?        Ssl  Jan19   0:00 /usr/bin/python3 /usr/share/unattended-upgrades/unattended-upgrade-shutdown --wait-for-signal
rodrigo     1812  0.0  0.0  55652  2688 ?        S    Jan19   0:27 /usr/bin/python3 /usr/share/system-config-printer/applet.py
rodrigo  3578948  0.9 11.4 2048656 459392 ?      Ssl  04:43   6:18 python -u orchestrator.py
rodrigo  3578972  0.0  0.6 310296 24364 ?        Sl   04:43   0:22 /home/rodrigo/real_options/venv/bin/python3 /home/rodrigo/real_options/venv/bin/streamlit run dashboard.py --server.address 0.0.0.0 --server.port 8501
rodrigo  3584158  0.0  5.9 1362816 240576 ?      Sl   08:15   0:11 /home/rodrigo/real_options/venv/bin/python position_monitor.py

Streamlit processes:
rodrigo  3578972  0.0  0.6 310296 24364 ?        Sl   04:43   0:22 /home/rodrigo/real_options/venv/bin/python3 /home/rodrigo/real_options/venv/bin/streamlit run dashboard.py --server.address 0.0.0.0 --server.port 8501
