=== SYSTEM SNAPSHOT FOR dev ===
Timestamp: Fri Feb 13 21:30:03 UTC 2026
Hostname: ubuntu-s-2vcpu-4gb-120gb-intel-sfo2-01
Uptime:  21:30:03 up 25 days, 18:42,  3 users,  load average: 0.21, 0.19, 0.18

=== DISK USAGE ===
Filesystem      Size  Used Avail Use% Mounted on
tmpfs           392M  1.4M  391M   1% /run
/dev/vda1       116G   35G   81G  31% /
tmpfs           2.0G  2.0M  2.0G   1% /dev/shm
tmpfs           5.0M     0  5.0M   0% /run/lock
/dev/vda16      881M  113M  707M  14% /boot
/dev/vda15      105M  6.2M   99M   6% /boot/efi
tmpfs           392M  136K  392M   1% /run/user/1000
tmpfs           392M  108K  392M   1% /run/user/111

=== MEMORY USAGE ===
               total        used        free      shared  buff/cache   available
Mem:           3.8Gi       1.9Gi       1.2Gi        34Mi       1.0Gi       1.9Gi
Swap:          4.0Gi       1.8Gi       2.2Gi

=== PROCESS STATUS ===
Python processes:
rodrigo      986  0.0  0.0 107232  1152 ?        Ssl  Jan19   0:00 /usr/bin/python3 /opt/google/chrome-remote-desktop/chrome-remote-desktop --child-process --config=/home/rodrigo/.config/chrome-remote-desktop/host#2ab881543616df67ba36dbfd8e1dec91.json --start
root         999  0.0  0.0 110012  1152 ?        Ssl  Jan19   0:00 /usr/bin/python3 /usr/share/unattended-upgrades/unattended-upgrade-shutdown --wait-for-signal
rodrigo     1812  0.0  0.0  55652  2688 ?        S    Jan19   0:05 /usr/bin/python3 /usr/share/system-config-printer/applet.py
rodrigo  1585822  0.1  3.9 1802176 156744 ?      Ssl  18:12   0:16 python -u orchestrator.py
rodrigo  1585842  0.1  2.5 2535972 102436 ?      Sl   18:12   0:16 /home/rodrigo/real_options/venv/bin/python3 /home/rodrigo/real_options/venv/bin/streamlit run dashboard.py --server.address 0.0.0.0
rodrigo  1585844  0.0  3.9 1346820 157268 ?      Sl   18:12   0:05 /home/rodrigo/real_options/venv/bin/python position_monitor.py

Streamlit processes:
rodrigo  1585842  0.1  2.5 2535972 102436 ?      Sl   18:12   0:16 /home/rodrigo/real_options/venv/bin/python3 /home/rodrigo/real_options/venv/bin/streamlit run dashboard.py --server.address 0.0.0.0
