=== SYSTEM SNAPSHOT FOR dev ===
Timestamp: Mon Jan 19 01:31:33 UTC 2026
Hostname: ubuntu-s-2vcpu-4gb-120gb-intel-sfo2-01
Uptime:  01:31:33 up 148 days,  2:59,  4 users,  load average: 0.42, 0.45, 0.62

=== DISK USAGE ===
Filesystem      Size  Used Avail Use% Mounted on
tmpfs           392M  1.5M  391M   1% /run
/dev/vda1       116G   22G   94G  20% /
tmpfs           2.0G  2.1M  2.0G   1% /dev/shm
tmpfs           5.0M     0  5.0M   0% /run/lock
/dev/vda16      881M  112M  708M  14% /boot
/dev/vda15      105M  6.2M   99M   6% /boot/efi
tmpfs           392M   76K  392M   1% /run/user/1000

=== MEMORY USAGE ===
               total        used        free      shared  buff/cache   available
Mem:           3.8Gi       2.6Gi       901Mi        53Mi       624Mi       1.2Gi
Swap:             0B          0B          0B

=== PROCESS STATUS ===
Python processes:
root         911  0.0  0.2 110000 10496 ?        Ssl   2025   0:00 /usr/bin/python3 /usr/share/unattended-upgrades/unattended-upgrade-shutdown --wait-for-signal
rodrigo    13783  0.0  0.4  55656 19016 ?        S     2025   0:14 /usr/bin/python3 /usr/share/system-config-printer/applet.py
rodrigo  1918719  0.0  0.3 107168 16000 ?        Ssl   2025   0:00 /usr/bin/python3 /opt/google/chrome-remote-desktop/chrome-remote-desktop --child-process --config=/home/rodrigo/.config/chrome-remote-desktop/host#2ab881543616df67ba36dbfd8e1dec91.json --start

Streamlit processes:
