=== SYSTEM SNAPSHOT FOR dev ===
Timestamp: Mon Mar  2 20:00:04 UTC 2026
Hostname: ubuntu-s-2vcpu-4gb-120gb-intel-sfo2-01
Uptime:  20:00:04 up 42 days, 17:12,  3 users,  load average: 0.79, 1.27, 1.11

=== DISK USAGE ===
Filesystem      Size  Used Avail Use% Mounted on
tmpfs           392M  1.5M  391M   1% /run
/dev/vda1       116G   36G   80G  32% /
tmpfs           2.0G  2.0M  2.0G   1% /dev/shm
tmpfs           5.0M     0  5.0M   0% /run/lock
/dev/vda16      881M  113M  707M  14% /boot
/dev/vda15      105M  6.2M   99M   6% /boot/efi
tmpfs           392M  140K  392M   1% /run/user/1000
tmpfs           392M  108K  392M   1% /run/user/111

=== MEMORY USAGE ===
               total        used        free      shared  buff/cache   available
Mem:           3.8Gi       2.3Gi       859Mi        32Mi       1.0Gi       1.6Gi
Swap:          4.0Gi       2.4Gi       1.6Gi

=== PROCESS STATUS ===
Python processes:
rodrigo      986  0.0  0.0 107232   768 ?        Ssl  Jan19   0:00 /usr/bin/python3 /opt/google/chrome-remote-desktop/chrome-remote-desktop --child-process --config=/home/rodrigo/.config/chrome-remote-desktop/host#2ab881543616df67ba36dbfd8e1dec91.json --start
root         999  0.0  0.0 110012  1152 ?        Ssl  Jan19   0:00 /usr/bin/python3 /usr/share/unattended-upgrades/unattended-upgrade-shutdown --wait-for-signal
rodrigo     1812  0.0  0.0  55652  2944 ?        S    Jan19   0:12 /usr/bin/python3 /usr/share/system-config-printer/applet.py
rodrigo  2939342  0.4  8.9 1962048 357764 ?      Ssl  18:03   0:31 python -u orchestrator.py
rodrigo  2939366  0.2  3.4 2872948 137192 ?      Sl   18:03   0:14 /home/rodrigo/real_options/venv/bin/python3 /home/rodrigo/real_options/venv/bin/streamlit run dashboard.py --server.address 0.0.0.0 --server.port 8501

Streamlit processes:
rodrigo  2939366  0.2  3.4 2872948 137192 ?      Sl   18:03   0:14 /home/rodrigo/real_options/venv/bin/python3 /home/rodrigo/real_options/venv/bin/streamlit run dashboard.py --server.address 0.0.0.0 --server.port 8501
