=== SYSTEM SNAPSHOT FOR dev ===
Timestamp: Mon Jan 19 02:30:03 UTC 2026
Hostname: ubuntu-s-2vcpu-4gb-120gb-intel-sfo2-01
Uptime:  02:30:03 up 148 days,  3:58,  5 users,  load average: 0.31, 0.42, 0.45

=== DISK USAGE ===
Filesystem      Size  Used Avail Use% Mounted on
tmpfs           392M  1.5M  391M   1% /run
/dev/vda1       116G   26G   90G  23% /
tmpfs           2.0G  2.1M  2.0G   1% /dev/shm
tmpfs           5.0M     0  5.0M   0% /run/lock
/dev/vda16      881M  112M  708M  14% /boot
/dev/vda15      105M  6.2M   99M   6% /boot/efi
tmpfs           392M   72K  392M   1% /run/user/1000

=== MEMORY USAGE ===
               total        used        free      shared  buff/cache   available
Mem:           3.8Gi       2.5Gi       192Mi        36Mi       1.4Gi       1.3Gi
Swap:             0B          0B          0B

=== PROCESS STATUS ===
Python processes:
root         911  0.0  0.2 110000 10496 ?        Ssl   2025   0:00 /usr/bin/python3 /usr/share/unattended-upgrades/unattended-upgrade-shutdown --wait-for-signal
rodrigo    13783  0.0  0.4  55656 19016 ?        S     2025   0:14 /usr/bin/python3 /usr/share/system-config-printer/applet.py
rodrigo   828862  1.5 15.2 2338668 610116 ?      Sl   02:20   0:08 python -u /home/rodrigo/real_options/orchestrator.py
rodrigo   828863  0.5  1.8 306912 74080 ?        Sl   02:20   0:02 /home/rodrigo/real_options/venv/bin/python3 /home/rodrigo/real_options/venv/bin/streamlit run /home/rodrigo/real_options/dashboard.py --server.address 0.0.0.0
rodrigo  1918719  0.0  0.4 107168 17024 ?        Ssl   2025   0:00 /usr/bin/python3 /opt/google/chrome-remote-desktop/chrome-remote-desktop --child-process --config=/home/rodrigo/.config/chrome-remote-desktop/host#2ab881543616df67ba36dbfd8e1dec91.json --start

Streamlit processes:
rodrigo   828863  0.5  1.8 306912 74080 ?        Sl   02:20   0:02 /home/rodrigo/real_options/venv/bin/python3 /home/rodrigo/real_options/venv/bin/streamlit run /home/rodrigo/real_options/dashboard.py --server.address 0.0.0.0
