=== SYSTEM SNAPSHOT FOR dev ===
Timestamp: Tue Feb 17 19:30:02 UTC 2026
Hostname: ubuntu-s-2vcpu-4gb-120gb-intel-sfo2-01
Uptime:  19:30:02 up 29 days, 16:42,  3 users,  load average: 1.38, 1.18, 1.13

=== DISK USAGE ===
Filesystem      Size  Used Avail Use% Mounted on
tmpfs           392M  1.4M  391M   1% /run
/dev/vda1       116G   35G   81G  31% /
tmpfs           2.0G  2.0M  2.0G   1% /dev/shm
tmpfs           5.0M     0  5.0M   0% /run/lock
/dev/vda16      881M  113M  707M  14% /boot
/dev/vda15      105M  6.2M   99M   6% /boot/efi
tmpfs           392M  140K  392M   1% /run/user/1000
tmpfs           392M  108K  392M   1% /run/user/111

=== MEMORY USAGE ===
               total        used        free      shared  buff/cache   available
Mem:           3.8Gi       2.3Gi       381Mi        38Mi       1.4Gi       1.5Gi
Swap:          4.0Gi       1.8Gi       2.2Gi

=== PROCESS STATUS ===
Python processes:
rodrigo      986  0.0  0.0 107232  1152 ?        Ssl  Jan19   0:00 /usr/bin/python3 /opt/google/chrome-remote-desktop/chrome-remote-desktop --child-process --config=/home/rodrigo/.config/chrome-remote-desktop/host#2ab881543616df67ba36dbfd8e1dec91.json --start
root         999  0.0  0.0 110012  1152 ?        Ssl  Jan19   0:00 /usr/bin/python3 /usr/share/unattended-upgrades/unattended-upgrade-shutdown --wait-for-signal
rodrigo     1812  0.0  0.0  55652  2816 ?        S    Jan19   0:07 /usr/bin/python3 /usr/share/system-config-printer/applet.py
rodrigo  1936714  1.1  9.1 1545816 368796 ?      Ssl  19:15   0:10 python -u orchestrator.py --commodity KC
rodrigo  1936736  0.4  1.9 308240 76732 ?        Sl   19:15   0:03 /home/rodrigo/real_options/venv/bin/python3 /home/rodrigo/real_options/venv/bin/streamlit run dashboard.py --server.address 0.0.0.0
rodrigo  1937853  0.9  6.6 754764 264796 ?       Sl   19:20   0:05 /home/rodrigo/real_options-claude/venv/bin/python position_monitor.py

Streamlit processes:
rodrigo  1936736  0.4  1.9 308240 76732 ?        Sl   19:15   0:03 /home/rodrigo/real_options/venv/bin/python3 /home/rodrigo/real_options/venv/bin/streamlit run dashboard.py --server.address 0.0.0.0
