=== SYSTEM SNAPSHOT FOR dev ===
Timestamp: Mon Feb 23 19:00:03 UTC 2026
Hostname: ubuntu-s-2vcpu-4gb-120gb-intel-sfo2-01
Uptime:  19:00:03 up 35 days, 16:12,  3 users,  load average: 1.19, 1.32, 1.03

=== DISK USAGE ===
Filesystem      Size  Used Avail Use% Mounted on
tmpfs           392M  1.4M  391M   1% /run
/dev/vda1       116G   36G   81G  31% /
tmpfs           2.0G  2.0M  2.0G   1% /dev/shm
tmpfs           5.0M     0  5.0M   0% /run/lock
/dev/vda16      881M  113M  707M  14% /boot
/dev/vda15      105M  6.2M   99M   6% /boot/efi
tmpfs           392M  136K  392M   1% /run/user/1000
tmpfs           392M  108K  392M   1% /run/user/111

=== MEMORY USAGE ===
               total        used        free      shared  buff/cache   available
Mem:           3.8Gi       2.2Gi       462Mi        42Mi       1.4Gi       1.7Gi
Swap:          4.0Gi       1.7Gi       2.3Gi

=== PROCESS STATUS ===
Python processes:
rodrigo      986  0.0  0.0 107232  1280 ?        Ssl  Jan19   0:00 /usr/bin/python3 /opt/google/chrome-remote-desktop/chrome-remote-desktop --child-process --config=/home/rodrigo/.config/chrome-remote-desktop/host#2ab881543616df67ba36dbfd8e1dec91.json --start
root         999  0.0  0.0 110012  1152 ?        Ssl  Jan19   0:00 /usr/bin/python3 /usr/share/unattended-upgrades/unattended-upgrade-shutdown --wait-for-signal
rodrigo     1812  0.0  0.0  55652  2816 ?        S    Jan19   0:09 /usr/bin/python3 /usr/share/system-config-printer/applet.py
rodrigo  2437313  6.9  9.8 1804388 394964 ?      Ssl  18:57   0:12 python -u orchestrator.py
rodrigo  2437372  5.6  8.6 2783604 346796 ?      Sl   18:57   0:09 /home/rodrigo/real_options/venv/bin/python3 /home/rodrigo/real_options/venv/bin/streamlit run dashboard.py --server.address 0.0.0.0 --server.port 8501

Streamlit processes:
rodrigo  2437372  5.6  8.6 2783604 346796 ?      Sl   18:57   0:09 /home/rodrigo/real_options/venv/bin/python3 /home/rodrigo/real_options/venv/bin/streamlit run dashboard.py --server.address 0.0.0.0 --server.port 8501
