=== SYSTEM SNAPSHOT FOR dev ===
Timestamp: Sat Feb  7 21:30:02 UTC 2026
Hostname: ubuntu-s-2vcpu-4gb-120gb-intel-sfo2-01
Uptime:  21:30:02 up 19 days, 18:42,  3 users,  load average: 0.26, 0.26, 0.26

=== DISK USAGE ===
Filesystem      Size  Used Avail Use% Mounted on
tmpfs           392M  1.4M  391M   1% /run
/dev/vda1       116G   34G   82G  30% /
tmpfs           2.0G  2.0M  2.0G   1% /dev/shm
tmpfs           5.0M     0  5.0M   0% /run/lock
/dev/vda16      881M  113M  707M  14% /boot
/dev/vda15      105M  6.2M   99M   6% /boot/efi
tmpfs           392M  140K  392M   1% /run/user/1000
tmpfs           392M  108K  392M   1% /run/user/111

=== MEMORY USAGE ===
               total        used        free      shared  buff/cache   available
Mem:           3.8Gi       1.9Gi       479Mi        55Mi       1.7Gi       1.9Gi
Swap:          4.0Gi       915Mi       3.1Gi

=== PROCESS STATUS ===
Python processes:
rodrigo      986  0.0  0.3 107232 15104 ?        Ssl  Jan19   0:00 /usr/bin/python3 /opt/google/chrome-remote-desktop/chrome-remote-desktop --child-process --config=/home/rodrigo/.config/chrome-remote-desktop/host#2ab881543616df67ba36dbfd8e1dec91.json --start
root         999  0.0  0.0 110012  2048 ?        Ssl  Jan19   0:00 /usr/bin/python3 /usr/share/unattended-upgrades/unattended-upgrade-shutdown --wait-for-signal
rodrigo     1812  0.0  0.1  55652  4096 ?        S    Jan19   0:02 /usr/bin/python3 /usr/share/system-config-printer/applet.py
rodrigo   944875  0.1  0.4 1459488 19420 ?       Ssl  18:51   0:10 python -u orchestrator.py
rodrigo   944891  0.0  0.6 2133328 25528 ?       Sl   18:51   0:06 /home/rodrigo/real_options/venv/bin/python3 /home/rodrigo/real_options/venv/bin/streamlit run dashboard.py --server.address 0.0.0.0

Streamlit processes:
rodrigo   944891  0.0  0.6 2133328 25528 ?       Sl   18:51   0:06 /home/rodrigo/real_options/venv/bin/python3 /home/rodrigo/real_options/venv/bin/streamlit run dashboard.py --server.address 0.0.0.0
