=== SYSTEM SNAPSHOT FOR dev ===
Timestamp: Thu Jan 29 16:30:02 UTC 2026
Hostname: ubuntu-s-2vcpu-4gb-120gb-intel-sfo2-01
Uptime:  16:30:02 up 10 days, 13:42,  2 users,  load average: 0.13, 0.07, 0.07

=== DISK USAGE ===
Filesystem      Size  Used Avail Use% Mounted on
tmpfs           392M  1.4M  391M   1% /run
/dev/vda1       116G   25G   91G  22% /
tmpfs           2.0G  2.0M  2.0G   1% /dev/shm
tmpfs           5.0M     0  5.0M   0% /run/lock
/dev/vda16      881M  112M  708M  14% /boot
/dev/vda15      105M  6.2M   99M   6% /boot/efi
tmpfs           392M  136K  392M   1% /run/user/1000
tmpfs           392M  108K  392M   1% /run/user/111

=== MEMORY USAGE ===
               total        used        free      shared  buff/cache   available
Mem:           3.8Gi       2.6Gi       199Mi        83Mi       1.3Gi       1.2Gi
Swap:             0B          0B          0B

=== PROCESS STATUS ===
Python processes:
rodrigo      986  0.0  0.4 107232 16512 ?        Ssl  Jan19   0:00 /usr/bin/python3 /opt/google/chrome-remote-desktop/chrome-remote-desktop --child-process --config=/home/rodrigo/.config/chrome-remote-desktop/host#2ab881543616df67ba36dbfd8e1dec91.json --start
root         999  0.0  0.3 110012 13184 ?        Ssl  Jan19   0:00 /usr/bin/python3 /usr/share/unattended-upgrades/unattended-upgrade-shutdown --wait-for-signal
rodrigo     1812  0.0  0.5  55652 20224 ?        S    Jan19   0:01 /usr/bin/python3 /usr/share/system-config-printer/applet.py
rodrigo   464399  1.1 21.3 2440032 855260 ?      Ssl  16:13   0:11 /home/rodrigo/real_options/venv/bin/python -u orchestrator.py
rodrigo   464400  0.2  1.8 307320 75188 ?        Ssl  16:13   0:02 /home/rodrigo/real_options/venv/bin/python3 /home/rodrigo/real_options/venv/bin/streamlit run dashboard.py --server.address 0.0.0.0 --server.port 8501

Streamlit processes:
rodrigo   464400  0.2  1.8 307320 75188 ?        Ssl  16:13   0:02 /home/rodrigo/real_options/venv/bin/python3 /home/rodrigo/real_options/venv/bin/streamlit run dashboard.py --server.address 0.0.0.0 --server.port 8501
