=== SYSTEM SNAPSHOT FOR dev ===
Timestamp: Wed Mar 11 16:00:05 UTC 2026
Hostname: ubuntu-s-2vcpu-4gb-120gb-intel-sfo2-01
Uptime:  16:00:05 up 51 days, 13:12,  3 users,  load average: 0.08, 0.02, 0.01

=== DISK USAGE ===
Filesystem      Size  Used Avail Use% Mounted on
tmpfs           392M  1.4M  391M   1% /run
/dev/vda1       116G   37G   80G  32% /
tmpfs           2.0G  2.0M  2.0G   1% /dev/shm
tmpfs           5.0M     0  5.0M   0% /run/lock
/dev/vda16      881M  113M  707M  14% /boot
/dev/vda15      105M  6.2M   99M   6% /boot/efi
tmpfs           392M  132K  392M   1% /run/user/1000
tmpfs           392M  108K  392M   1% /run/user/111

=== MEMORY USAGE ===
               total        used        free      shared  buff/cache   available
Mem:           3.8Gi       2.5Gi       186Mi        44Mi       1.4Gi       1.3Gi
Swap:          4.0Gi       1.2Gi       2.8Gi

=== PROCESS STATUS ===
Python processes:
rodrigo      986  0.0  0.0 107232   768 ?        Ssl  Jan19   0:00 /usr/bin/python3 /opt/google/chrome-remote-desktop/chrome-remote-desktop --child-process --config=/home/rodrigo/.config/chrome-remote-desktop/host#2ab881543616df67ba36dbfd8e1dec91.json --start
root         999  0.0  0.0 110012  1152 ?        Ssl  Jan19   0:00 /usr/bin/python3 /usr/share/unattended-upgrades/unattended-upgrade-shutdown --wait-for-signal
rodrigo     1812  0.0  0.0  55652  2816 ?        S    Jan19   0:26 /usr/bin/python3 /usr/share/system-config-printer/applet.py
rodrigo  3515526  0.4 10.6 2009056 426692 ?      Ssl  06:35   2:25 python -u orchestrator.py
rodrigo  3515554  0.0  5.2 2747936 211260 ?      Sl   06:35   0:27 /home/rodrigo/real_options/venv/bin/python3 /home/rodrigo/real_options/venv/bin/streamlit run dashboard.py --server.address 0.0.0.0 --server.port 8501
rodrigo  3518836  0.0  3.1 1295884 125768 ?      Sl   08:15   0:13 /home/rodrigo/real_options/venv/bin/python position_monitor.py

Streamlit processes:
rodrigo  3515554  0.0  5.2 2747936 211260 ?      Sl   06:35   0:27 /home/rodrigo/real_options/venv/bin/python3 /home/rodrigo/real_options/venv/bin/streamlit run dashboard.py --server.address 0.0.0.0 --server.port 8501
