=== SYSTEM SNAPSHOT FOR dev ===
Timestamp: Mon Jan 19 03:00:03 UTC 2026
Hostname: ubuntu-s-2vcpu-4gb-120gb-intel-sfo2-01
Uptime:  03:00:03 up 12 min,  2 users,  load average: 0.03, 0.22, 0.23

=== DISK USAGE ===
Filesystem      Size  Used Avail Use% Mounted on
tmpfs           392M  1.3M  391M   1% /run
/dev/vda1       116G   26G   90G  23% /
tmpfs           2.0G  2.0M  2.0G   1% /dev/shm
tmpfs           5.0M     0  5.0M   0% /run/lock
/dev/vda16      881M  112M  708M  14% /boot
/dev/vda15      105M  6.2M   99M   6% /boot/efi
tmpfs           392M  124K  392M   1% /run/user/1000
tmpfs           392M  108K  392M   1% /run/user/111

=== MEMORY USAGE ===
               total        used        free      shared  buff/cache   available
Mem:           3.8Gi       1.9Gi       458Mi        26Mi       1.8Gi       1.9Gi
Swap:             0B          0B          0B

=== PROCESS STATUS ===
Python processes:
rodrigo      986  0.0  0.6 107232 24064 ?        Ssl  02:47   0:00 /usr/bin/python3 /opt/google/chrome-remote-desktop/chrome-remote-desktop --child-process --config=/home/rodrigo/.config/chrome-remote-desktop/host#2ab881543616df67ba36dbfd8e1dec91.json --start
rodrigo      990  1.3 20.4 2338356 819892 ?      Ssl  02:47   0:09 /home/rodrigo/real_options/venv/bin/python -u orchestrator.py
rodrigo      992  0.1  1.7 155300 70192 ?        Ssl  02:47   0:01 /home/rodrigo/real_options/venv/bin/python3 /home/rodrigo/real_options/venv/bin/streamlit run dashboard.py --server.address 0.0.0.0 --server.port 8501
root         999  0.0  0.5 110012 22784 ?        Ssl  02:47   0:00 /usr/bin/python3 /usr/share/unattended-upgrades/unattended-upgrade-shutdown --wait-for-signal
rodrigo     1812  0.0  0.8  55652 34432 ?        S    02:47   0:00 /usr/bin/python3 /usr/share/system-config-printer/applet.py

Streamlit processes:
rodrigo      992  0.1  1.7 155300 70192 ?        Ssl  02:47   0:01 /home/rodrigo/real_options/venv/bin/python3 /home/rodrigo/real_options/venv/bin/streamlit run dashboard.py --server.address 0.0.0.0 --server.port 8501
