=== SYSTEM SNAPSHOT FOR dev ===
Timestamp: Thu Feb 12 16:30:02 UTC 2026
Hostname: ubuntu-s-2vcpu-4gb-120gb-intel-sfo2-01
Uptime:  16:30:02 up 24 days, 13:42,  3 users,  load average: 0.14, 0.13, 0.09

=== DISK USAGE ===
Filesystem      Size  Used Avail Use% Mounted on
tmpfs           392M  1.4M  391M   1% /run
/dev/vda1       116G   35G   81G  30% /
tmpfs           2.0G  2.0M  2.0G   1% /dev/shm
tmpfs           5.0M     0  5.0M   0% /run/lock
/dev/vda16      881M  113M  707M  14% /boot
/dev/vda15      105M  6.2M   99M   6% /boot/efi
tmpfs           392M  136K  392M   1% /run/user/1000
tmpfs           392M  108K  392M   1% /run/user/111

=== MEMORY USAGE ===
               total        used        free      shared  buff/cache   available
Mem:           3.8Gi       2.2Gi       826Mi        40Mi       1.1Gi       1.6Gi
Swap:          4.0Gi       1.6Gi       2.4Gi

=== PROCESS STATUS ===
Python processes:
rodrigo      986  0.0  0.0 107232   896 ?        Ssl  Jan19   0:00 /usr/bin/python3 /opt/google/chrome-remote-desktop/chrome-remote-desktop --child-process --config=/home/rodrigo/.config/chrome-remote-desktop/host#2ab881543616df67ba36dbfd8e1dec91.json --start
root         999  0.0  0.0 110012  1152 ?        Ssl  Jan19   0:00 /usr/bin/python3 /usr/share/unattended-upgrades/unattended-upgrade-shutdown --wait-for-signal
rodrigo     1812  0.0  0.0  55652  2688 ?        S    Jan19   0:04 /usr/bin/python3 /usr/share/system-config-printer/applet.py
rodrigo  1460440  0.2  7.7 1906620 312068 ?      Ssl  05:52   1:34 python -u orchestrator.py
rodrigo  1460459  0.0  7.4 2650664 298364 ?      Sl   05:53   0:21 /home/rodrigo/real_options/venv/bin/python3 /home/rodrigo/real_options/venv/bin/streamlit run dashboard.py --server.address 0.0.0.0
rodrigo  1465564  0.0  4.3 1347320 175384 ?      Sl   08:29   0:10 /home/rodrigo/real_options/venv/bin/python position_monitor.py

Streamlit processes:
rodrigo  1460459  0.0  7.4 2650664 298364 ?      Sl   05:53   0:21 /home/rodrigo/real_options/venv/bin/python3 /home/rodrigo/real_options/venv/bin/streamlit run dashboard.py --server.address 0.0.0.0
