=== SYSTEM SNAPSHOT FOR dev ===
Timestamp: Mon Mar  2 13:00:04 UTC 2026
Hostname: ubuntu-s-2vcpu-4gb-120gb-intel-sfo2-01
Uptime:  13:00:04 up 42 days, 10:12,  3 users,  load average: 0.07, 0.03, 0.00

=== DISK USAGE ===
Filesystem      Size  Used Avail Use% Mounted on
tmpfs           392M  1.4M  391M   1% /run
/dev/vda1       116G   36G   80G  32% /
tmpfs           2.0G  2.0M  2.0G   1% /dev/shm
tmpfs           5.0M     0  5.0M   0% /run/lock
/dev/vda16      881M  113M  707M  14% /boot
/dev/vda15      105M  6.2M   99M   6% /boot/efi
tmpfs           392M  136K  392M   1% /run/user/1000
tmpfs           392M  108K  392M   1% /run/user/111

=== MEMORY USAGE ===
               total        used        free      shared  buff/cache   available
Mem:           3.8Gi       2.7Gi       206Mi        33Mi       1.2Gi       1.1Gi
Swap:          4.0Gi       1.9Gi       2.1Gi

=== PROCESS STATUS ===
Python processes:
rodrigo      986  0.0  0.0 107232   896 ?        Ssl  Jan19   0:00 /usr/bin/python3 /opt/google/chrome-remote-desktop/chrome-remote-desktop --child-process --config=/home/rodrigo/.config/chrome-remote-desktop/host#2ab881543616df67ba36dbfd8e1dec91.json --start
root         999  0.0  0.0 110012  1152 ?        Ssl  Jan19   0:00 /usr/bin/python3 /usr/share/unattended-upgrades/unattended-upgrade-shutdown --wait-for-signal
rodrigo     1812  0.0  0.0  55652  2816 ?        S    Jan19   0:12 /usr/bin/python3 /usr/share/system-config-printer/applet.py
rodrigo  2890958  0.5 11.9 1959244 480272 ?      Ssl  05:16   2:42 python -u orchestrator.py
rodrigo  2891007  0.0  1.8 307804 75844 ?        Sl   05:16   0:07 /home/rodrigo/real_options/venv/bin/python3 /home/rodrigo/real_options/venv/bin/streamlit run dashboard.py --server.address 0.0.0.0 --server.port 8501
rodrigo  2908438  0.0  7.1 1348744 288440 ?      Sl   09:15   0:06 /home/rodrigo/real_options/venv/bin/python position_monitor.py

Streamlit processes:
rodrigo  2891007  0.0  1.8 307804 75844 ?        Sl   05:16   0:07 /home/rodrigo/real_options/venv/bin/python3 /home/rodrigo/real_options/venv/bin/streamlit run dashboard.py --server.address 0.0.0.0 --server.port 8501
