=== SYSTEM SNAPSHOT FOR dev ===
Timestamp: Tue Feb 10 13:30:02 UTC 2026
Hostname: ubuntu-s-2vcpu-4gb-120gb-intel-sfo2-01
Uptime:  13:30:02 up 22 days, 10:42,  3 users,  load average: 0.34, 0.29, 0.27

=== DISK USAGE ===
Filesystem      Size  Used Avail Use% Mounted on
tmpfs           392M  1.4M  391M   1% /run
/dev/vda1       116G   34G   82G  30% /
tmpfs           2.0G  2.0M  2.0G   1% /dev/shm
tmpfs           5.0M     0  5.0M   0% /run/lock
/dev/vda16      881M  113M  707M  14% /boot
/dev/vda15      105M  6.2M   99M   6% /boot/efi
tmpfs           392M  136K  392M   1% /run/user/1000
tmpfs           392M  108K  392M   1% /run/user/111

=== MEMORY USAGE ===
               total        used        free      shared  buff/cache   available
Mem:           3.8Gi       2.4Gi       124Mi        56Mi       1.6Gi       1.4Gi
Swap:          4.0Gi       2.0Gi       2.0Gi

=== PROCESS STATUS ===
Python processes:
rodrigo      986  0.0  0.0 107232  1024 ?        Ssl  Jan19   0:00 /usr/bin/python3 /opt/google/chrome-remote-desktop/chrome-remote-desktop --child-process --config=/home/rodrigo/.config/chrome-remote-desktop/host#2ab881543616df67ba36dbfd8e1dec91.json --start
root         999  0.0  0.0 110012  1152 ?        Ssl  Jan19   0:00 /usr/bin/python3 /usr/share/unattended-upgrades/unattended-upgrade-shutdown --wait-for-signal
rodrigo     1812  0.0  0.0  55652  2816 ?        S    Jan19   0:03 /usr/bin/python3 /usr/share/system-config-printer/applet.py
rodrigo  1212931  0.0  5.6 1616208 224892 ?      Ssl  07:42   0:09 python -u orchestrator.py
rodrigo  1212962  0.0  8.4 2761760 340048 ?      Sl   07:42   0:18 /home/rodrigo/real_options/venv/bin/python3 /home/rodrigo/real_options/venv/bin/streamlit run dashboard.py --server.address 0.0.0.0

Streamlit processes:
rodrigo  1212962  0.0  8.4 2761760 340048 ?      Sl   07:42   0:18 /home/rodrigo/real_options/venv/bin/python3 /home/rodrigo/real_options/venv/bin/streamlit run dashboard.py --server.address 0.0.0.0
