=== SYSTEM SNAPSHOT FOR dev ===
Timestamp: Thu Feb 26 16:00:03 UTC 2026
Hostname: ubuntu-s-2vcpu-4gb-120gb-intel-sfo2-01
Uptime:  16:00:03 up 38 days, 13:12,  3 users,  load average: 0.95, 0.81, 0.87

=== DISK USAGE ===
Filesystem      Size  Used Avail Use% Mounted on
tmpfs           392M  1.4M  391M   1% /run
/dev/vda1       116G   36G   80G  31% /
tmpfs           2.0G  2.0M  2.0G   1% /dev/shm
tmpfs           5.0M     0  5.0M   0% /run/lock
/dev/vda16      881M  113M  707M  14% /boot
/dev/vda15      105M  6.2M   99M   6% /boot/efi
tmpfs           392M  136K  392M   1% /run/user/1000
tmpfs           392M  108K  392M   1% /run/user/111

=== MEMORY USAGE ===
               total        used        free      shared  buff/cache   available
Mem:           3.8Gi       2.2Gi       550Mi        29Mi       1.3Gi       1.6Gi
Swap:          4.0Gi       1.9Gi       2.1Gi

=== PROCESS STATUS ===
Python processes:
rodrigo      986  0.0  0.0 107232   768 ?        Ssl  Jan19   0:00 /usr/bin/python3 /opt/google/chrome-remote-desktop/chrome-remote-desktop --child-process --config=/home/rodrigo/.config/chrome-remote-desktop/host#2ab881543616df67ba36dbfd8e1dec91.json --start
root         999  0.0  0.0 110012  1152 ?        Ssl  Jan19   0:00 /usr/bin/python3 /usr/share/unattended-upgrades/unattended-upgrade-shutdown --wait-for-signal
rodrigo     1812  0.0  0.0  55652  2816 ?        S    Jan19   0:10 /usr/bin/python3 /usr/share/system-config-printer/applet.py
rodrigo  2668585  7.0 12.1 1952304 486152 ?      Ssl  15:43   1:11 python -u orchestrator.py
rodrigo  2668601  0.3  6.3 741120 255764 ?       Sl   15:43   0:03 /home/rodrigo/real_options/venv/bin/python position_monitor.py
rodrigo  2668616  0.3  1.8 307844 76004 ?        Sl   15:43   0:03 /home/rodrigo/real_options/venv/bin/python3 /home/rodrigo/real_options/venv/bin/streamlit run dashboard.py --server.address 0.0.0.0 --server.port 8501

Streamlit processes:
rodrigo  2668616  0.3  1.8 307844 76004 ?        Sl   15:43   0:03 /home/rodrigo/real_options/venv/bin/python3 /home/rodrigo/real_options/venv/bin/streamlit run dashboard.py --server.address 0.0.0.0 --server.port 8501
