=== SYSTEM SNAPSHOT FOR dev ===
Timestamp: Sat Feb  7 01:30:02 UTC 2026
Hostname: ubuntu-s-2vcpu-4gb-120gb-intel-sfo2-01
Uptime:  01:30:02 up 18 days, 22:42,  3 users,  load average: 0.08, 0.24, 0.32

=== DISK USAGE ===
Filesystem      Size  Used Avail Use% Mounted on
tmpfs           392M  1.4M  391M   1% /run
/dev/vda1       116G   25G   91G  22% /
tmpfs           2.0G  2.0M  2.0G   1% /dev/shm
tmpfs           5.0M     0  5.0M   0% /run/lock
/dev/vda16      881M  113M  707M  14% /boot
/dev/vda15      105M  6.2M   99M   6% /boot/efi
tmpfs           392M  132K  392M   1% /run/user/1000
tmpfs           392M  108K  392M   1% /run/user/111

=== MEMORY USAGE ===
               total        used        free      shared  buff/cache   available
Mem:           3.8Gi       3.0Gi       172Mi        94Mi       894Mi       891Mi
Swap:             0B          0B          0B

=== PROCESS STATUS ===
Python processes:
rodrigo      986  0.0  0.3 107232 14976 ?        Ssl  Jan19   0:00 /usr/bin/python3 /opt/google/chrome-remote-desktop/chrome-remote-desktop --child-process --config=/home/rodrigo/.config/chrome-remote-desktop/host#2ab881543616df67ba36dbfd8e1dec91.json --start
root         999  0.0  0.2 110012 11264 ?        Ssl  Jan19   0:00 /usr/bin/python3 /usr/share/unattended-upgrades/unattended-upgrade-shutdown --wait-for-signal
rodrigo     1812  0.0  0.4  55652 18304 ?        S    Jan19   0:02 /usr/bin/python3 /usr/share/system-config-printer/applet.py
rodrigo   898679  0.4  8.3 1391356 334312 ?      Ssl  01:02   0:06 python -u orchestrator.py
rodrigo   898694  0.9  9.4 2805560 378052 ?      Sl   01:03   0:15 /home/rodrigo/real_options/venv/bin/python3 /home/rodrigo/real_options/venv/bin/streamlit run dashboard.py --server.address 0.0.0.0

Streamlit processes:
rodrigo   898694  0.9  9.4 2805560 378052 ?      Sl   01:03   0:15 /home/rodrigo/real_options/venv/bin/python3 /home/rodrigo/real_options/venv/bin/streamlit run dashboard.py --server.address 0.0.0.0
